
> create-turbo-stack@ format /Users/kaszek/Desktop/create-turbo-stack
> turbo run format --continue -- --cache --cache-location node_modules/.cache/.prettiercache

• Packages in scope: @acme/api, @acme/db, @acme/eslint-config, @acme/expo, @acme/github, @acme/nextjs, @acme/prettier-config, @acme/tailwind-config, @acme/tsconfig, @acme/ui, @acme/validators
• Running format in 11 packages
• Remote caching disabled
@acme/ui:format: cache hit, suppressing logs 4b91bbccde4674d3
@acme/expo:format: cache hit, suppressing logs e7af711971850a0d
@acme/tailwind-config:format: cache hit, suppressing logs 1e4c2f82dd96e7c2
@acme/validators:format: cache hit, suppressing logs 7ecdd66fc2b8c09b
@acme/nextjs:format: cache miss, executing 30be07bc4a223e9c
@acme/db:format: cache hit, suppressing logs 417dfb8ee52db7d8
@acme/eslint-config:format: cache hit, suppressing logs b1e2a07bf752e35b
@acme/prettier-config:format: cache hit, suppressing logs b83d9380ad3aeafe
@acme/api:format: cache hit, suppressing logs 3a685283972645f8
@acme/nextjs:format: 
@acme/nextjs:format: > @acme/nextjs@0.1.0 format /Users/kaszek/Desktop/create-turbo-stack/apps/nextjs
@acme/nextjs:format: > prettier --check . --ignore-path ../../.gitignore "--cache" "--cache-location" "node_modules/.cache/.prettiercache"
@acme/nextjs:format: 
@acme/nextjs:format: Checking formatting...
@acme/nextjs:format: [warn] Ignored unknown option { __esModule: true }.
@acme/nextjs:format: [warn] Ignored unknown option { default: { plugins: ["@ianvs/prettier-plugin-sort-imports", "prettier-plugin-tailwindcss"], tailwindConfig: "/Users/kaszek/Desktop/create-turbo-stack/tooling/tailwind/web.ts", tailwindFunctions: ["cn", "cva"], importOrder: ["<TYPES>", "^(react/(.*)$)|^(react$)|^(react-native(.*)$)", "^(next/(.*)$)|^(next$)", "^(expo(.*)$)|^(expo$)", "<THIRD_PARTY_MODULES>", "", "<TYPES>^@acme", "^@acme/(.*)$", "", "<TYPES>^[.|..|~]", "^~/", "^[../]", "^[./]"], importOrderParserPlugins: ["typescript", "jsx", "decorators-legacy"], importOrderTypeScriptVersion: "4.4.0" } }.
@acme/nextjs:format: (node:20533) ExperimentalWarning: CommonJS module /Users/kaszek/Desktop/create-turbo-stack/apps/nextjs/package.json is loading ES Module /Users/kaszek/Desktop/create-turbo-stack/tooling/prettier/index.js using require().
@acme/nextjs:format: Support for loading ES Module in require() is an experimental feature and might change at any time
@acme/nextjs:format: (Use `node --trace-warnings ...` to show where the warning was created)
@acme/nextjs:format: [warn] Ignored unknown option { __esModule: true }.
@acme/nextjs:format: [warn] Ignored unknown option { default: { plugins: ["@ianvs/prettier-plugin-sort-imports", "prettier-plugin-tailwindcss"], tailwindConfig: "/Users/kaszek/Desktop/create-turbo-stack/tooling/tailwind/web.ts", tailwindFunctions: ["cn", "cva"], importOrder: ["<TYPES>", "^(react/(.*)$)|^(react$)|^(react-native(.*)$)", "^(next/(.*)$)|^(next$)", "^(expo(.*)$)|^(expo$)", "<THIRD_PARTY_MODULES>", "", "<TYPES>^@acme", "^@acme/(.*)$", "", "<TYPES>^[.|..|~]", "^~/", "^[../]", "^[./]"], importOrderParserPlugins: ["typescript", "jsx", "decorators-legacy"], importOrderTypeScriptVersion: "4.4.0" } }.
@acme/nextjs:format: [warn] Ignored unknown option { __esModule: true }.
@acme/nextjs:format: [warn] Ignored unknown option { default: { plugins: ["@ianvs/prettier-plugin-sort-imports", "prettier-plugin-tailwindcss"], tailwindConfig: "/Users/kaszek/Desktop/create-turbo-stack/tooling/tailwind/web.ts", tailwindFunctions: ["cn", "cva"], importOrder: ["<TYPES>", "^(react/(.*)$)|^(react$)|^(react-native(.*)$)", "^(next/(.*)$)|^(next$)", "^(expo(.*)$)|^(expo$)", "<THIRD_PARTY_MODULES>", "", "<TYPES>^@acme", "^@acme/(.*)$", "", "<TYPES>^[.|..|~]", "^~/", "^[../]", "^[./]"], importOrderParserPlugins: ["typescript", "jsx", "decorators-legacy"], importOrderTypeScriptVersion: "4.4.0" } }.
@acme/nextjs:format: [warn] Ignored unknown option { __esModule: true }.
@acme/nextjs:format: [warn] Ignored unknown option { default: { plugins: ["@ianvs/prettier-plugin-sort-imports", "prettier-plugin-tailwindcss"], tailwindConfig: "/Users/kaszek/Desktop/create-turbo-stack/tooling/tailwind/web.ts", tailwindFunctions: ["cn", "cva"], importOrder: ["<TYPES>", "^(react/(.*)$)|^(react$)|^(react-native(.*)$)", "^(next/(.*)$)|^(next$)", "^(expo(.*)$)|^(expo$)", "<THIRD_PARTY_MODULES>", "", "<TYPES>^@acme", "^@acme/(.*)$", "", "<TYPES>^[.|..|~]", "^~/", "^[../]", "^[./]"], importOrderParserPlugins: ["typescript", "jsx", "decorators-legacy"], importOrderTypeScriptVersion: "4.4.0" } }.
@acme/nextjs:format: [warn] Ignored unknown option { __esModule: true }.
@acme/nextjs:format: [warn] Ignored unknown option { default: { plugins: ["@ianvs/prettier-plugin-sort-imports", "prettier-plugin-tailwindcss"], tailwindConfig: "/Users/kaszek/Desktop/create-turbo-stack/tooling/tailwind/web.ts", tailwindFunctions: ["cn", "cva"], importOrder: ["<TYPES>", "^(react/(.*)$)|^(react$)|^(react-native(.*)$)", "^(next/(.*)$)|^(next$)", "^(expo(.*)$)|^(expo$)", "<THIRD_PARTY_MODULES>", "", "<TYPES>^@acme", "^@acme/(.*)$", "", "<TYPES>^[.|..|~]", "^~/", "^[../]", "^[./]"], importOrderParserPlugins: ["typescript", "jsx", "decorators-legacy"], importOrderTypeScriptVersion: "4.4.0" } }.
@acme/nextjs:format: [warn] Ignored unknown option { __esModule: true }.
@acme/nextjs:format: [warn] Ignored unknown option { default: { plugins: ["@ianvs/prettier-plugin-sort-imports", "prettier-plugin-tailwindcss"], tailwindConfig: "/Users/kaszek/Desktop/create-turbo-stack/tooling/tailwind/web.ts", tailwindFunctions: ["cn", "cva"], importOrder: ["<TYPES>", "^(react/(.*)$)|^(react$)|^(react-native(.*)$)", "^(next/(.*)$)|^(next$)", "^(expo(.*)$)|^(expo$)", "<THIRD_PARTY_MODULES>", "", "<TYPES>^@acme", "^@acme/(.*)$", "", "<TYPES>^[.|..|~]", "^~/", "^[../]", "^[./]"], importOrderParserPlugins: ["typescript", "jsx", "decorators-legacy"], importOrderTypeScriptVersion: "4.4.0" } }.
@acme/nextjs:format: [warn] Ignored unknown option { __esModule: true }.
@acme/nextjs:format: [warn] Ignored unknown option { default: { plugins: ["@ianvs/prettier-plugin-sort-imports", "prettier-plugin-tailwindcss"], tailwindConfig: "/Users/kaszek/Desktop/create-turbo-stack/tooling/tailwind/web.ts", tailwindFunctions: ["cn", "cva"], importOrder: ["<TYPES>", "^(react/(.*)$)|^(react$)|^(react-native(.*)$)", "^(next/(.*)$)|^(next$)", "^(expo(.*)$)|^(expo$)", "<THIRD_PARTY_MODULES>", "", "<TYPES>^@acme", "^@acme/(.*)$", "", "<TYPES>^[.|..|~]", "^~/", "^[../]", "^[./]"], importOrderParserPlugins: ["typescript", "jsx", "decorators-legacy"], importOrderTypeScriptVersion: "4.4.0" } }.
@acme/nextjs:format: [warn] Ignored unknown option { __esModule: true }.
@acme/nextjs:format: [warn] Ignored unknown option { default: { plugins: ["@ianvs/prettier-plugin-sort-imports", "prettier-plugin-tailwindcss"], tailwindConfig: "/Users/kaszek/Desktop/create-turbo-stack/tooling/tailwind/web.ts", tailwindFunctions: ["cn", "cva"], importOrder: ["<TYPES>", "^(react/(.*)$)|^(react$)|^(react-native(.*)$)", "^(next/(.*)$)|^(next$)", "^(expo(.*)$)|^(expo$)", "<THIRD_PARTY_MODULES>", "", "<TYPES>^@acme", "^@acme/(.*)$", "", "<TYPES>^[.|..|~]", "^~/", "^[../]", "^[./]"], importOrderParserPlugins: ["typescript", "jsx", "decorators-legacy"], importOrderTypeScriptVersion: "4.4.0" } }.
@acme/nextjs:format: [warn] Ignored unknown option { __esModule: true }.
@acme/nextjs:format: [warn] Ignored unknown option { default: { plugins: ["@ianvs/prettier-plugin-sort-imports", "prettier-plugin-tailwindcss"], tailwindConfig: "/Users/kaszek/Desktop/create-turbo-stack/tooling/tailwind/web.ts", tailwindFunctions: ["cn", "cva"], importOrder: ["<TYPES>", "^(react/(.*)$)|^(react$)|^(react-native(.*)$)", "^(next/(.*)$)|^(next$)", "^(expo(.*)$)|^(expo$)", "<THIRD_PARTY_MODULES>", "", "<TYPES>^@acme", "^@acme/(.*)$", "", "<TYPES>^[.|..|~]", "^~/", "^[../]", "^[./]"], importOrderParserPlugins: ["typescript", "jsx", "decorators-legacy"], importOrderTypeScriptVersion: "4.4.0" } }.
@acme/nextjs:format: [warn] Ignored unknown option { __esModule: true }.
@acme/nextjs:format: [warn] Ignored unknown option { default: { plugins: ["@ianvs/prettier-plugin-sort-imports", "prettier-plugin-tailwindcss"], tailwindConfig: "/Users/kaszek/Desktop/create-turbo-stack/tooling/tailwind/web.ts", tailwindFunctions: ["cn", "cva"], importOrder: ["<TYPES>", "^(react/(.*)$)|^(react$)|^(react-native(.*)$)", "^(next/(.*)$)|^(next$)", "^(expo(.*)$)|^(expo$)", "<THIRD_PARTY_MODULES>", "", "<TYPES>^@acme", "^@acme/(.*)$", "", "<TYPES>^[.|..|~]", "^~/", "^[../]", "^[./]"], importOrderParserPlugins: ["typescript", "jsx", "decorators-legacy"], importOrderTypeScriptVersion: "4.4.0" } }.
@acme/nextjs:format: [warn] src/app/_components/landing/faq/faq.tsx
@acme/nextjs:format: [warn] Ignored unknown option { __esModule: true }.
@acme/nextjs:format: [warn] Ignored unknown option { default: { plugins: ["@ianvs/prettier-plugin-sort-imports", "prettier-plugin-tailwindcss"], tailwindConfig: "/Users/kaszek/Desktop/create-turbo-stack/tooling/tailwind/web.ts", tailwindFunctions: ["cn", "cva"], importOrder: ["<TYPES>", "^(react/(.*)$)|^(react$)|^(react-native(.*)$)", "^(next/(.*)$)|^(next$)", "^(expo(.*)$)|^(expo$)", "<THIRD_PARTY_MODULES>", "", "<TYPES>^@acme", "^@acme/(.*)$", "", "<TYPES>^[.|..|~]", "^~/", "^[../]", "^[./]"], importOrderParserPlugins: ["typescript", "jsx", "decorators-legacy"], importOrderTypeScriptVersion: "4.4.0" } }.
@acme/nextjs:format: [warn] src/app/_components/landing/features/features.tsx
@acme/nextjs:format: [warn] Ignored unknown option { __esModule: true }.
@acme/nextjs:format: [warn] Ignored unknown option { default: { plugins: ["@ianvs/prettier-plugin-sort-imports", "prettier-plugin-tailwindcss"], tailwindConfig: "/Users/kaszek/Desktop/create-turbo-stack/tooling/tailwind/web.ts", tailwindFunctions: ["cn", "cva"], importOrder: ["<TYPES>", "^(react/(.*)$)|^(react$)|^(react-native(.*)$)", "^(next/(.*)$)|^(next$)", "^(expo(.*)$)|^(expo$)", "<THIRD_PARTY_MODULES>", "", "<TYPES>^@acme", "^@acme/(.*)$", "", "<TYPES>^[.|..|~]", "^~/", "^[../]", "^[./]"], importOrderParserPlugins: ["typescript", "jsx", "decorators-legacy"], importOrderTypeScriptVersion: "4.4.0" } }.
@acme/nextjs:format: [warn] Ignored unknown option { __esModule: true }.
@acme/nextjs:format: [warn] Ignored unknown option { default: { plugins: ["@ianvs/prettier-plugin-sort-imports", "prettier-plugin-tailwindcss"], tailwindConfig: "/Users/kaszek/Desktop/create-turbo-stack/tooling/tailwind/web.ts", tailwindFunctions: ["cn", "cva"], importOrder: ["<TYPES>", "^(react/(.*)$)|^(react$)|^(react-native(.*)$)", "^(next/(.*)$)|^(next$)", "^(expo(.*)$)|^(expo$)", "<THIRD_PARTY_MODULES>", "", "<TYPES>^@acme", "^@acme/(.*)$", "", "<TYPES>^[.|..|~]", "^~/", "^[../]", "^[./]"], importOrderParserPlugins: ["typescript", "jsx", "decorators-legacy"], importOrderTypeScriptVersion: "4.4.0" } }.
@acme/nextjs:format: [warn] Ignored unknown option { __esModule: true }.
@acme/nextjs:format: [warn] Ignored unknown option { default: { plugins: ["@ianvs/prettier-plugin-sort-imports", "prettier-plugin-tailwindcss"], tailwindConfig: "/Users/kaszek/Desktop/create-turbo-stack/tooling/tailwind/web.ts", tailwindFunctions: ["cn", "cva"], importOrder: ["<TYPES>", "^(react/(.*)$)|^(react$)|^(react-native(.*)$)", "^(next/(.*)$)|^(next$)", "^(expo(.*)$)|^(expo$)", "<THIRD_PARTY_MODULES>", "", "<TYPES>^@acme", "^@acme/(.*)$", "", "<TYPES>^[.|..|~]", "^~/", "^[../]", "^[./]"], importOrderParserPlugins: ["typescript", "jsx", "decorators-legacy"], importOrderTypeScriptVersion: "4.4.0" } }.
@acme/nextjs:format: [warn] src/app/_components/landing/hero/CopyButton.tsx
@acme/nextjs:format: [warn] Ignored unknown option { __esModule: true }.
@acme/nextjs:format: [warn] Ignored unknown option { default: { plugins: ["@ianvs/prettier-plugin-sort-imports", "prettier-plugin-tailwindcss"], tailwindConfig: "/Users/kaszek/Desktop/create-turbo-stack/tooling/tailwind/web.ts", tailwindFunctions: ["cn", "cva"], importOrder: ["<TYPES>", "^(react/(.*)$)|^(react$)|^(react-native(.*)$)", "^(next/(.*)$)|^(next$)", "^(expo(.*)$)|^(expo$)", "<THIRD_PARTY_MODULES>", "", "<TYPES>^@acme", "^@acme/(.*)$", "", "<TYPES>^[.|..|~]", "^~/", "^[../]", "^[./]"], importOrderParserPlugins: ["typescript", "jsx", "decorators-legacy"], importOrderTypeScriptVersion: "4.4.0" } }.
@acme/nextjs:format: [warn] src/app/_components/landing/hero/hero.tsx
@acme/nextjs:format: [warn] Ignored unknown option { __esModule: true }.
@acme/nextjs:format: [warn] Ignored unknown option { default: { plugins: ["@ianvs/prettier-plugin-sort-imports", "prettier-plugin-tailwindcss"], tailwindConfig: "/Users/kaszek/Desktop/create-turbo-stack/tooling/tailwind/web.ts", tailwindFunctions: ["cn", "cva"], importOrder: ["<TYPES>", "^(react/(.*)$)|^(react$)|^(react-native(.*)$)", "^(next/(.*)$)|^(next$)", "^(expo(.*)$)|^(expo$)", "<THIRD_PARTY_MODULES>", "", "<TYPES>^@acme", "^@acme/(.*)$", "", "<TYPES>^[.|..|~]", "^~/", "^[../]", "^[./]"], importOrderParserPlugins: ["typescript", "jsx", "decorators-legacy"], importOrderTypeScriptVersion: "4.4.0" } }.
@acme/nextjs:format: [warn] Ignored unknown option { __esModule: true }.
@acme/nextjs:format: [warn] Ignored unknown option { default: { plugins: ["@ianvs/prettier-plugin-sort-imports", "prettier-plugin-tailwindcss"], tailwindConfig: "/Users/kaszek/Desktop/create-turbo-stack/tooling/tailwind/web.ts", tailwindFunctions: ["cn", "cva"], importOrder: ["<TYPES>", "^(react/(.*)$)|^(react$)|^(react-native(.*)$)", "^(next/(.*)$)|^(next$)", "^(expo(.*)$)|^(expo$)", "<THIRD_PARTY_MODULES>", "", "<TYPES>^@acme", "^@acme/(.*)$", "", "<TYPES>^[.|..|~]", "^~/", "^[../]", "^[./]"], importOrderParserPlugins: ["typescript", "jsx", "decorators-legacy"], importOrderTypeScriptVersion: "4.4.0" } }.
@acme/nextjs:format: [warn] Ignored unknown option { __esModule: true }.
@acme/nextjs:format: [warn] Ignored unknown option { default: { plugins: ["@ianvs/prettier-plugin-sort-imports", "prettier-plugin-tailwindcss"], tailwindConfig: "/Users/kaszek/Desktop/create-turbo-stack/tooling/tailwind/web.ts", tailwindFunctions: ["cn", "cva"], importOrder: ["<TYPES>", "^(react/(.*)$)|^(react$)|^(react-native(.*)$)", "^(next/(.*)$)|^(next$)", "^(expo(.*)$)|^(expo$)", "<THIRD_PARTY_MODULES>", "", "<TYPES>^@acme", "^@acme/(.*)$", "", "<TYPES>^[.|..|~]", "^~/", "^[../]", "^[./]"], importOrderParserPlugins: ["typescript", "jsx", "decorators-legacy"], importOrderTypeScriptVersion: "4.4.0" } }.
@acme/nextjs:format: [warn] Ignored unknown option { __esModule: true }.
@acme/nextjs:format: [warn] Ignored unknown option { default: { plugins: ["@ianvs/prettier-plugin-sort-imports", "prettier-plugin-tailwindcss"], tailwindConfig: "/Users/kaszek/Desktop/create-turbo-stack/tooling/tailwind/web.ts", tailwindFunctions: ["cn", "cva"], importOrder: ["<TYPES>", "^(react/(.*)$)|^(react$)|^(react-native(.*)$)", "^(next/(.*)$)|^(next$)", "^(expo(.*)$)|^(expo$)", "<THIRD_PARTY_MODULES>", "", "<TYPES>^@acme", "^@acme/(.*)$", "", "<TYPES>^[.|..|~]", "^~/", "^[../]", "^[./]"], importOrderParserPlugins: ["typescript", "jsx", "decorators-legacy"], importOrderTypeScriptVersion: "4.4.0" } }.
@acme/nextjs:format: [warn] Ignored unknown option { __esModule: true }.
@acme/nextjs:format: [warn] Ignored unknown option { default: { plugins: ["@ianvs/prettier-plugin-sort-imports", "prettier-plugin-tailwindcss"], tailwindConfig: "/Users/kaszek/Desktop/create-turbo-stack/tooling/tailwind/web.ts", tailwindFunctions: ["cn", "cva"], importOrder: ["<TYPES>", "^(react/(.*)$)|^(react$)|^(react-native(.*)$)", "^(next/(.*)$)|^(next$)", "^(expo(.*)$)|^(expo$)", "<THIRD_PARTY_MODULES>", "", "<TYPES>^@acme", "^@acme/(.*)$", "", "<TYPES>^[.|..|~]", "^~/", "^[../]", "^[./]"], importOrderParserPlugins: ["typescript", "jsx", "decorators-legacy"], importOrderTypeScriptVersion: "4.4.0" } }.
@acme/nextjs:format: [warn] Ignored unknown option { __esModule: true }.
@acme/nextjs:format: [warn] Ignored unknown option { default: { plugins: ["@ianvs/prettier-plugin-sort-imports", "prettier-plugin-tailwindcss"], tailwindConfig: "/Users/kaszek/Desktop/create-turbo-stack/tooling/tailwind/web.ts", tailwindFunctions: ["cn", "cva"], importOrder: ["<TYPES>", "^(react/(.*)$)|^(react$)|^(react-native(.*)$)", "^(next/(.*)$)|^(next$)", "^(expo(.*)$)|^(expo$)", "<THIRD_PARTY_MODULES>", "", "<TYPES>^@acme", "^@acme/(.*)$", "", "<TYPES>^[.|..|~]", "^~/", "^[../]", "^[./]"], importOrderParserPlugins: ["typescript", "jsx", "decorators-legacy"], importOrderTypeScriptVersion: "4.4.0" } }.
@acme/nextjs:format: [warn] Ignored unknown option { __esModule: true }.
@acme/nextjs:format: [warn] Ignored unknown option { default: { plugins: ["@ianvs/prettier-plugin-sort-imports", "prettier-plugin-tailwindcss"], tailwindConfig: "/Users/kaszek/Desktop/create-turbo-stack/tooling/tailwind/web.ts", tailwindFunctions: ["cn", "cva"], importOrder: ["<TYPES>", "^(react/(.*)$)|^(react$)|^(react-native(.*)$)", "^(next/(.*)$)|^(next$)", "^(expo(.*)$)|^(expo$)", "<THIRD_PARTY_MODULES>", "", "<TYPES>^@acme", "^@acme/(.*)$", "", "<TYPES>^[.|..|~]", "^~/", "^[../]", "^[./]"], importOrderParserPlugins: ["typescript", "jsx", "decorators-legacy"], importOrderTypeScriptVersion: "4.4.0" } }.
@acme/nextjs:format: [warn] Ignored unknown option { __esModule: true }.
@acme/nextjs:format: [warn] Ignored unknown option { default: { plugins: ["@ianvs/prettier-plugin-sort-imports", "prettier-plugin-tailwindcss"], tailwindConfig: "/Users/kaszek/Desktop/create-turbo-stack/tooling/tailwind/web.ts", tailwindFunctions: ["cn", "cva"], importOrder: ["<TYPES>", "^(react/(.*)$)|^(react$)|^(react-native(.*)$)", "^(next/(.*)$)|^(next$)", "^(expo(.*)$)|^(expo$)", "<THIRD_PARTY_MODULES>", "", "<TYPES>^@acme", "^@acme/(.*)$", "", "<TYPES>^[.|..|~]", "^~/", "^[../]", "^[./]"], importOrderParserPlugins: ["typescript", "jsx", "decorators-legacy"], importOrderTypeScriptVersion: "4.4.0" } }.
@acme/nextjs:format: [warn] Ignored unknown option { __esModule: true }.
@acme/nextjs:format: [warn] Ignored unknown option { default: { plugins: ["@ianvs/prettier-plugin-sort-imports", "prettier-plugin-tailwindcss"], tailwindConfig: "/Users/kaszek/Desktop/create-turbo-stack/tooling/tailwind/web.ts", tailwindFunctions: ["cn", "cva"], importOrder: ["<TYPES>", "^(react/(.*)$)|^(react$)|^(react-native(.*)$)", "^(next/(.*)$)|^(next$)", "^(expo(.*)$)|^(expo$)", "<THIRD_PARTY_MODULES>", "", "<TYPES>^@acme", "^@acme/(.*)$", "", "<TYPES>^[.|..|~]", "^~/", "^[../]", "^[./]"], importOrderParserPlugins: ["typescript", "jsx", "decorators-legacy"], importOrderTypeScriptVersion: "4.4.0" } }.
@acme/nextjs:format: [warn] Ignored unknown option { __esModule: true }.
@acme/nextjs:format: [warn] Ignored unknown option { default: { plugins: ["@ianvs/prettier-plugin-sort-imports", "prettier-plugin-tailwindcss"], tailwindConfig: "/Users/kaszek/Desktop/create-turbo-stack/tooling/tailwind/web.ts", tailwindFunctions: ["cn", "cva"], importOrder: ["<TYPES>", "^(react/(.*)$)|^(react$)|^(react-native(.*)$)", "^(next/(.*)$)|^(next$)", "^(expo(.*)$)|^(expo$)", "<THIRD_PARTY_MODULES>", "", "<TYPES>^@acme", "^@acme/(.*)$", "", "<TYPES>^[.|..|~]", "^~/", "^[../]", "^[./]"], importOrderParserPlugins: ["typescript", "jsx", "decorators-legacy"], importOrderTypeScriptVersion: "4.4.0" } }.
@acme/nextjs:format: [warn] Ignored unknown option { __esModule: true }.
@acme/nextjs:format: [warn] Ignored unknown option { default: { plugins: ["@ianvs/prettier-plugin-sort-imports", "prettier-plugin-tailwindcss"], tailwindConfig: "/Users/kaszek/Desktop/create-turbo-stack/tooling/tailwind/web.ts", tailwindFunctions: ["cn", "cva"], importOrder: ["<TYPES>", "^(react/(.*)$)|^(react$)|^(react-native(.*)$)", "^(next/(.*)$)|^(next$)", "^(expo(.*)$)|^(expo$)", "<THIRD_PARTY_MODULES>", "", "<TYPES>^@acme", "^@acme/(.*)$", "", "<TYPES>^[.|..|~]", "^~/", "^[../]", "^[./]"], importOrderParserPlugins: ["typescript", "jsx", "decorators-legacy"], importOrderTypeScriptVersion: "4.4.0" } }.
@acme/nextjs:format: [warn] Ignored unknown option { __esModule: true }.
@acme/nextjs:format: [warn] Ignored unknown option { default: { plugins: ["@ianvs/prettier-plugin-sort-imports", "prettier-plugin-tailwindcss"], tailwindConfig: "/Users/kaszek/Desktop/create-turbo-stack/tooling/tailwind/web.ts", tailwindFunctions: ["cn", "cva"], importOrder: ["<TYPES>", "^(react/(.*)$)|^(react$)|^(react-native(.*)$)", "^(next/(.*)$)|^(next$)", "^(expo(.*)$)|^(expo$)", "<THIRD_PARTY_MODULES>", "", "<TYPES>^@acme", "^@acme/(.*)$", "", "<TYPES>^[.|..|~]", "^~/", "^[../]", "^[./]"], importOrderParserPlugins: ["typescript", "jsx", "decorators-legacy"], importOrderTypeScriptVersion: "4.4.0" } }.
@acme/nextjs:format: [warn] Ignored unknown option { __esModule: true }.
@acme/nextjs:format: [warn] Ignored unknown option { default: { plugins: ["@ianvs/prettier-plugin-sort-imports", "prettier-plugin-tailwindcss"], tailwindConfig: "/Users/kaszek/Desktop/create-turbo-stack/tooling/tailwind/web.ts", tailwindFunctions: ["cn", "cva"], importOrder: ["<TYPES>", "^(react/(.*)$)|^(react$)|^(react-native(.*)$)", "^(next/(.*)$)|^(next$)", "^(expo(.*)$)|^(expo$)", "<THIRD_PARTY_MODULES>", "", "<TYPES>^@acme", "^@acme/(.*)$", "", "<TYPES>^[.|..|~]", "^~/", "^[../]", "^[./]"], importOrderParserPlugins: ["typescript", "jsx", "decorators-legacy"], importOrderTypeScriptVersion: "4.4.0" } }.
@acme/nextjs:format: [warn] Ignored unknown option { __esModule: true }.
@acme/nextjs:format: [warn] Ignored unknown option { default: { plugins: ["@ianvs/prettier-plugin-sort-imports", "prettier-plugin-tailwindcss"], tailwindConfig: "/Users/kaszek/Desktop/create-turbo-stack/tooling/tailwind/web.ts", tailwindFunctions: ["cn", "cva"], importOrder: ["<TYPES>", "^(react/(.*)$)|^(react$)|^(react-native(.*)$)", "^(next/(.*)$)|^(next$)", "^(expo(.*)$)|^(expo$)", "<THIRD_PARTY_MODULES>", "", "<TYPES>^@acme", "^@acme/(.*)$", "", "<TYPES>^[.|..|~]", "^~/", "^[../]", "^[./]"], importOrderParserPlugins: ["typescript", "jsx", "decorators-legacy"], importOrderTypeScriptVersion: "4.4.0" } }.
@acme/nextjs:format: [warn] Ignored unknown option { __esModule: true }.
@acme/nextjs:format: [warn] Ignored unknown option { default: { plugins: ["@ianvs/prettier-plugin-sort-imports", "prettier-plugin-tailwindcss"], tailwindConfig: "/Users/kaszek/Desktop/create-turbo-stack/tooling/tailwind/web.ts", tailwindFunctions: ["cn", "cva"], importOrder: ["<TYPES>", "^(react/(.*)$)|^(react$)|^(react-native(.*)$)", "^(next/(.*)$)|^(next$)", "^(expo(.*)$)|^(expo$)", "<THIRD_PARTY_MODULES>", "", "<TYPES>^@acme", "^@acme/(.*)$", "", "<TYPES>^[.|..|~]", "^~/", "^[../]", "^[./]"], importOrderParserPlugins: ["typescript", "jsx", "decorators-legacy"], importOrderTypeScriptVersion: "4.4.0" } }.
@acme/nextjs:format: [warn] Ignored unknown option { __esModule: true }.
@acme/nextjs:format: [warn] Ignored unknown option { default: { plugins: ["@ianvs/prettier-plugin-sort-imports", "prettier-plugin-tailwindcss"], tailwindConfig: "/Users/kaszek/Desktop/create-turbo-stack/tooling/tailwind/web.ts", tailwindFunctions: ["cn", "cva"], importOrder: ["<TYPES>", "^(react/(.*)$)|^(react$)|^(react-native(.*)$)", "^(next/(.*)$)|^(next$)", "^(expo(.*)$)|^(expo$)", "<THIRD_PARTY_MODULES>", "", "<TYPES>^@acme", "^@acme/(.*)$", "", "<TYPES>^[.|..|~]", "^~/", "^[../]", "^[./]"], importOrderParserPlugins: ["typescript", "jsx", "decorators-legacy"], importOrderTypeScriptVersion: "4.4.0" } }.
@acme/nextjs:format: [warn] Ignored unknown option { __esModule: true }.
@acme/nextjs:format: [warn] Ignored unknown option { default: { plugins: ["@ianvs/prettier-plugin-sort-imports", "prettier-plugin-tailwindcss"], tailwindConfig: "/Users/kaszek/Desktop/create-turbo-stack/tooling/tailwind/web.ts", tailwindFunctions: ["cn", "cva"], importOrder: ["<TYPES>", "^(react/(.*)$)|^(react$)|^(react-native(.*)$)", "^(next/(.*)$)|^(next$)", "^(expo(.*)$)|^(expo$)", "<THIRD_PARTY_MODULES>", "", "<TYPES>^@acme", "^@acme/(.*)$", "", "<TYPES>^[.|..|~]", "^~/", "^[../]", "^[./]"], importOrderParserPlugins: ["typescript", "jsx", "decorators-legacy"], importOrderTypeScriptVersion: "4.4.0" } }.
@acme/nextjs:format: [warn] Ignored unknown option { __esModule: true }.
@acme/nextjs:format: [warn] Ignored unknown option { default: { plugins: ["@ianvs/prettier-plugin-sort-imports", "prettier-plugin-tailwindcss"], tailwindConfig: "/Users/kaszek/Desktop/create-turbo-stack/tooling/tailwind/web.ts", tailwindFunctions: ["cn", "cva"], importOrder: ["<TYPES>", "^(react/(.*)$)|^(react$)|^(react-native(.*)$)", "^(next/(.*)$)|^(next$)", "^(expo(.*)$)|^(expo$)", "<THIRD_PARTY_MODULES>", "", "<TYPES>^@acme", "^@acme/(.*)$", "", "<TYPES>^[.|..|~]", "^~/", "^[../]", "^[./]"], importOrderParserPlugins: ["typescript", "jsx", "decorators-legacy"], importOrderTypeScriptVersion: "4.4.0" } }.
@acme/nextjs:format: [warn] Ignored unknown option { __esModule: true }.
@acme/nextjs:format: [warn] Ignored unknown option { default: { plugins: ["@ianvs/prettier-plugin-sort-imports", "prettier-plugin-tailwindcss"], tailwindConfig: "/Users/kaszek/Desktop/create-turbo-stack/tooling/tailwind/web.ts", tailwindFunctions: ["cn", "cva"], importOrder: ["<TYPES>", "^(react/(.*)$)|^(react$)|^(react-native(.*)$)", "^(next/(.*)$)|^(next$)", "^(expo(.*)$)|^(expo$)", "<THIRD_PARTY_MODULES>", "", "<TYPES>^@acme", "^@acme/(.*)$", "", "<TYPES>^[.|..|~]", "^~/", "^[../]", "^[./]"], importOrderParserPlugins: ["typescript", "jsx", "decorators-legacy"], importOrderTypeScriptVersion: "4.4.0" } }.
@acme/nextjs:format: [warn] Ignored unknown option { __esModule: true }.
@acme/nextjs:format: [warn] Ignored unknown option { default: { plugins: ["@ianvs/prettier-plugin-sort-imports", "prettier-plugin-tailwindcss"], tailwindConfig: "/Users/kaszek/Desktop/create-turbo-stack/tooling/tailwind/web.ts", tailwindFunctions: ["cn", "cva"], importOrder: ["<TYPES>", "^(react/(.*)$)|^(react$)|^(react-native(.*)$)", "^(next/(.*)$)|^(next$)", "^(expo(.*)$)|^(expo$)", "<THIRD_PARTY_MODULES>", "", "<TYPES>^@acme", "^@acme/(.*)$", "", "<TYPES>^[.|..|~]", "^~/", "^[../]", "^[./]"], importOrderParserPlugins: ["typescript", "jsx", "decorators-legacy"], importOrderTypeScriptVersion: "4.4.0" } }.
@acme/nextjs:format: [warn] Ignored unknown option { __esModule: true }.
@acme/nextjs:format: [warn] Ignored unknown option { default: { plugins: ["@ianvs/prettier-plugin-sort-imports", "prettier-plugin-tailwindcss"], tailwindConfig: "/Users/kaszek/Desktop/create-turbo-stack/tooling/tailwind/web.ts", tailwindFunctions: ["cn", "cva"], importOrder: ["<TYPES>", "^(react/(.*)$)|^(react$)|^(react-native(.*)$)", "^(next/(.*)$)|^(next$)", "^(expo(.*)$)|^(expo$)", "<THIRD_PARTY_MODULES>", "", "<TYPES>^@acme", "^@acme/(.*)$", "", "<TYPES>^[.|..|~]", "^~/", "^[../]", "^[./]"], importOrderParserPlugins: ["typescript", "jsx", "decorators-legacy"], importOrderTypeScriptVersion: "4.4.0" } }.
@acme/nextjs:format: [warn] Ignored unknown option { __esModule: true }.
@acme/nextjs:format: [warn] Ignored unknown option { default: { plugins: ["@ianvs/prettier-plugin-sort-imports", "prettier-plugin-tailwindcss"], tailwindConfig: "/Users/kaszek/Desktop/create-turbo-stack/tooling/tailwind/web.ts", tailwindFunctions: ["cn", "cva"], importOrder: ["<TYPES>", "^(react/(.*)$)|^(react$)|^(react-native(.*)$)", "^(next/(.*)$)|^(next$)", "^(expo(.*)$)|^(expo$)", "<THIRD_PARTY_MODULES>", "", "<TYPES>^@acme", "^@acme/(.*)$", "", "<TYPES>^[.|..|~]", "^~/", "^[../]", "^[./]"], importOrderParserPlugins: ["typescript", "jsx", "decorators-legacy"], importOrderTypeScriptVersion: "4.4.0" } }.
@acme/nextjs:format: [warn] Ignored unknown option { __esModule: true }.
@acme/nextjs:format: [warn] Ignored unknown option { default: { plugins: ["@ianvs/prettier-plugin-sort-imports", "prettier-plugin-tailwindcss"], tailwindConfig: "/Users/kaszek/Desktop/create-turbo-stack/tooling/tailwind/web.ts", tailwindFunctions: ["cn", "cva"], importOrder: ["<TYPES>", "^(react/(.*)$)|^(react$)|^(react-native(.*)$)", "^(next/(.*)$)|^(next$)", "^(expo(.*)$)|^(expo$)", "<THIRD_PARTY_MODULES>", "", "<TYPES>^@acme", "^@acme/(.*)$", "", "<TYPES>^[.|..|~]", "^~/", "^[../]", "^[./]"], importOrderParserPlugins: ["typescript", "jsx", "decorators-legacy"], importOrderTypeScriptVersion: "4.4.0" } }.
@acme/nextjs:format: [warn] Ignored unknown option { __esModule: true }.
@acme/nextjs:format: [warn] Ignored unknown option { default: { plugins: ["@ianvs/prettier-plugin-sort-imports", "prettier-plugin-tailwindcss"], tailwindConfig: "/Users/kaszek/Desktop/create-turbo-stack/tooling/tailwind/web.ts", tailwindFunctions: ["cn", "cva"], importOrder: ["<TYPES>", "^(react/(.*)$)|^(react$)|^(react-native(.*)$)", "^(next/(.*)$)|^(next$)", "^(expo(.*)$)|^(expo$)", "<THIRD_PARTY_MODULES>", "", "<TYPES>^@acme", "^@acme/(.*)$", "", "<TYPES>^[.|..|~]", "^~/", "^[../]", "^[./]"], importOrderParserPlugins: ["typescript", "jsx", "decorators-legacy"], importOrderTypeScriptVersion: "4.4.0" } }.
@acme/nextjs:format: [warn] Ignored unknown option { __esModule: true }.
@acme/nextjs:format: [warn] Ignored unknown option { default: { plugins: ["@ianvs/prettier-plugin-sort-imports", "prettier-plugin-tailwindcss"], tailwindConfig: "/Users/kaszek/Desktop/create-turbo-stack/tooling/tailwind/web.ts", tailwindFunctions: ["cn", "cva"], importOrder: ["<TYPES>", "^(react/(.*)$)|^(react$)|^(react-native(.*)$)", "^(next/(.*)$)|^(next$)", "^(expo(.*)$)|^(expo$)", "<THIRD_PARTY_MODULES>", "", "<TYPES>^@acme", "^@acme/(.*)$", "", "<TYPES>^[.|..|~]", "^~/", "^[../]", "^[./]"], importOrderParserPlugins: ["typescript", "jsx", "decorators-legacy"], importOrderTypeScriptVersion: "4.4.0" } }.
@acme/nextjs:format: [warn] Ignored unknown option { __esModule: true }.
@acme/nextjs:format: [warn] Ignored unknown option { default: { plugins: ["@ianvs/prettier-plugin-sort-imports", "prettier-plugin-tailwindcss"], tailwindConfig: "/Users/kaszek/Desktop/create-turbo-stack/tooling/tailwind/web.ts", tailwindFunctions: ["cn", "cva"], importOrder: ["<TYPES>", "^(react/(.*)$)|^(react$)|^(react-native(.*)$)", "^(next/(.*)$)|^(next$)", "^(expo(.*)$)|^(expo$)", "<THIRD_PARTY_MODULES>", "", "<TYPES>^@acme", "^@acme/(.*)$", "", "<TYPES>^[.|..|~]", "^~/", "^[../]", "^[./]"], importOrderParserPlugins: ["typescript", "jsx", "decorators-legacy"], importOrderTypeScriptVersion: "4.4.0" } }.
@acme/nextjs:format: [warn] Ignored unknown option { __esModule: true }.
@acme/nextjs:format: [warn] Ignored unknown option { default: { plugins: ["@ianvs/prettier-plugin-sort-imports", "prettier-plugin-tailwindcss"], tailwindConfig: "/Users/kaszek/Desktop/create-turbo-stack/tooling/tailwind/web.ts", tailwindFunctions: ["cn", "cva"], importOrder: ["<TYPES>", "^(react/(.*)$)|^(react$)|^(react-native(.*)$)", "^(next/(.*)$)|^(next$)", "^(expo(.*)$)|^(expo$)", "<THIRD_PARTY_MODULES>", "", "<TYPES>^@acme", "^@acme/(.*)$", "", "<TYPES>^[.|..|~]", "^~/", "^[../]", "^[./]"], importOrderParserPlugins: ["typescript", "jsx", "decorators-legacy"], importOrderTypeScriptVersion: "4.4.0" } }.
@acme/nextjs:format: [warn] Ignored unknown option { __esModule: true }.
@acme/nextjs:format: [warn] Ignored unknown option { default: { plugins: ["@ianvs/prettier-plugin-sort-imports", "prettier-plugin-tailwindcss"], tailwindConfig: "/Users/kaszek/Desktop/create-turbo-stack/tooling/tailwind/web.ts", tailwindFunctions: ["cn", "cva"], importOrder: ["<TYPES>", "^(react/(.*)$)|^(react$)|^(react-native(.*)$)", "^(next/(.*)$)|^(next$)", "^(expo(.*)$)|^(expo$)", "<THIRD_PARTY_MODULES>", "", "<TYPES>^@acme", "^@acme/(.*)$", "", "<TYPES>^[.|..|~]", "^~/", "^[../]", "^[./]"], importOrderParserPlugins: ["typescript", "jsx", "decorators-legacy"], importOrderTypeScriptVersion: "4.4.0" } }.
@acme/nextjs:format: [warn] Ignored unknown option { __esModule: true }.
@acme/nextjs:format: [warn] Ignored unknown option { default: { plugins: ["@ianvs/prettier-plugin-sort-imports", "prettier-plugin-tailwindcss"], tailwindConfig: "/Users/kaszek/Desktop/create-turbo-stack/tooling/tailwind/web.ts", tailwindFunctions: ["cn", "cva"], importOrder: ["<TYPES>", "^(react/(.*)$)|^(react$)|^(react-native(.*)$)", "^(next/(.*)$)|^(next$)", "^(expo(.*)$)|^(expo$)", "<THIRD_PARTY_MODULES>", "", "<TYPES>^@acme", "^@acme/(.*)$", "", "<TYPES>^[.|..|~]", "^~/", "^[../]", "^[./]"], importOrderParserPlugins: ["typescript", "jsx", "decorators-legacy"], importOrderTypeScriptVersion: "4.4.0" } }.
@acme/nextjs:format: [warn] Ignored unknown option { __esModule: true }.
@acme/nextjs:format: [warn] Ignored unknown option { default: { plugins: ["@ianvs/prettier-plugin-sort-imports", "prettier-plugin-tailwindcss"], tailwindConfig: "/Users/kaszek/Desktop/create-turbo-stack/tooling/tailwind/web.ts", tailwindFunctions: ["cn", "cva"], importOrder: ["<TYPES>", "^(react/(.*)$)|^(react$)|^(react-native(.*)$)", "^(next/(.*)$)|^(next$)", "^(expo(.*)$)|^(expo$)", "<THIRD_PARTY_MODULES>", "", "<TYPES>^@acme", "^@acme/(.*)$", "", "<TYPES>^[.|..|~]", "^~/", "^[../]", "^[./]"], importOrderParserPlugins: ["typescript", "jsx", "decorators-legacy"], importOrderTypeScriptVersion: "4.4.0" } }.
@acme/nextjs:format: [warn] Ignored unknown option { __esModule: true }.
@acme/nextjs:format: [warn] Ignored unknown option { default: { plugins: ["@ianvs/prettier-plugin-sort-imports", "prettier-plugin-tailwindcss"], tailwindConfig: "/Users/kaszek/Desktop/create-turbo-stack/tooling/tailwind/web.ts", tailwindFunctions: ["cn", "cva"], importOrder: ["<TYPES>", "^(react/(.*)$)|^(react$)|^(react-native(.*)$)", "^(next/(.*)$)|^(next$)", "^(expo(.*)$)|^(expo$)", "<THIRD_PARTY_MODULES>", "", "<TYPES>^@acme", "^@acme/(.*)$", "", "<TYPES>^[.|..|~]", "^~/", "^[../]", "^[./]"], importOrderParserPlugins: ["typescript", "jsx", "decorators-legacy"], importOrderTypeScriptVersion: "4.4.0" } }.
@acme/nextjs:format: [warn] Ignored unknown option { __esModule: true }.
@acme/nextjs:format: [warn] Ignored unknown option { default: { plugins: ["@ianvs/prettier-plugin-sort-imports", "prettier-plugin-tailwindcss"], tailwindConfig: "/Users/kaszek/Desktop/create-turbo-stack/tooling/tailwind/web.ts", tailwindFunctions: ["cn", "cva"], importOrder: ["<TYPES>", "^(react/(.*)$)|^(react$)|^(react-native(.*)$)", "^(next/(.*)$)|^(next$)", "^(expo(.*)$)|^(expo$)", "<THIRD_PARTY_MODULES>", "", "<TYPES>^@acme", "^@acme/(.*)$", "", "<TYPES>^[.|..|~]", "^~/", "^[../]", "^[./]"], importOrderParserPlugins: ["typescript", "jsx", "decorators-legacy"], importOrderTypeScriptVersion: "4.4.0" } }.
@acme/nextjs:format: [warn] Ignored unknown option { __esModule: true }.
@acme/nextjs:format: [warn] Ignored unknown option { default: { plugins: ["@ianvs/prettier-plugin-sort-imports", "prettier-plugin-tailwindcss"], tailwindConfig: "/Users/kaszek/Desktop/create-turbo-stack/tooling/tailwind/web.ts", tailwindFunctions: ["cn", "cva"], importOrder: ["<TYPES>", "^(react/(.*)$)|^(react$)|^(react-native(.*)$)", "^(next/(.*)$)|^(next$)", "^(expo(.*)$)|^(expo$)", "<THIRD_PARTY_MODULES>", "", "<TYPES>^@acme", "^@acme/(.*)$", "", "<TYPES>^[.|..|~]", "^~/", "^[../]", "^[./]"], importOrderParserPlugins: ["typescript", "jsx", "decorators-legacy"], importOrderTypeScriptVersion: "4.4.0" } }.
@acme/nextjs:format: [warn] Ignored unknown option { __esModule: true }.
@acme/nextjs:format: [warn] Ignored unknown option { default: { plugins: ["@ianvs/prettier-plugin-sort-imports", "prettier-plugin-tailwindcss"], tailwindConfig: "/Users/kaszek/Desktop/create-turbo-stack/tooling/tailwind/web.ts", tailwindFunctions: ["cn", "cva"], importOrder: ["<TYPES>", "^(react/(.*)$)|^(react$)|^(react-native(.*)$)", "^(next/(.*)$)|^(next$)", "^(expo(.*)$)|^(expo$)", "<THIRD_PARTY_MODULES>", "", "<TYPES>^@acme", "^@acme/(.*)$", "", "<TYPES>^[.|..|~]", "^~/", "^[../]", "^[./]"], importOrderParserPlugins: ["typescript", "jsx", "decorators-legacy"], importOrderTypeScriptVersion: "4.4.0" } }.
@acme/nextjs:format: [warn] Ignored unknown option { __esModule: true }.
@acme/nextjs:format: [warn] Ignored unknown option { default: { plugins: ["@ianvs/prettier-plugin-sort-imports", "prettier-plugin-tailwindcss"], tailwindConfig: "/Users/kaszek/Desktop/create-turbo-stack/tooling/tailwind/web.ts", tailwindFunctions: ["cn", "cva"], importOrder: ["<TYPES>", "^(react/(.*)$)|^(react$)|^(react-native(.*)$)", "^(next/(.*)$)|^(next$)", "^(expo(.*)$)|^(expo$)", "<THIRD_PARTY_MODULES>", "", "<TYPES>^@acme", "^@acme/(.*)$", "", "<TYPES>^[.|..|~]", "^~/", "^[../]", "^[./]"], importOrderParserPlugins: ["typescript", "jsx", "decorators-legacy"], importOrderTypeScriptVersion: "4.4.0" } }.
@acme/nextjs:format: [warn] Ignored unknown option { __esModule: true }.
@acme/nextjs:format: [warn] Ignored unknown option { default: { plugins: ["@ianvs/prettier-plugin-sort-imports", "prettier-plugin-tailwindcss"], tailwindConfig: "/Users/kaszek/Desktop/create-turbo-stack/tooling/tailwind/web.ts", tailwindFunctions: ["cn", "cva"], importOrder: ["<TYPES>", "^(react/(.*)$)|^(react$)|^(react-native(.*)$)", "^(next/(.*)$)|^(next$)", "^(expo(.*)$)|^(expo$)", "<THIRD_PARTY_MODULES>", "", "<TYPES>^@acme", "^@acme/(.*)$", "", "<TYPES>^[.|..|~]", "^~/", "^[../]", "^[./]"], importOrderParserPlugins: ["typescript", "jsx", "decorators-legacy"], importOrderTypeScriptVersion: "4.4.0" } }.
@acme/nextjs:format: [warn] Ignored unknown option { __esModule: true }.
@acme/nextjs:format: [warn] Ignored unknown option { default: { plugins: ["@ianvs/prettier-plugin-sort-imports", "prettier-plugin-tailwindcss"], tailwindConfig: "/Users/kaszek/Desktop/create-turbo-stack/tooling/tailwind/web.ts", tailwindFunctions: ["cn", "cva"], importOrder: ["<TYPES>", "^(react/(.*)$)|^(react$)|^(react-native(.*)$)", "^(next/(.*)$)|^(next$)", "^(expo(.*)$)|^(expo$)", "<THIRD_PARTY_MODULES>", "", "<TYPES>^@acme", "^@acme/(.*)$", "", "<TYPES>^[.|..|~]", "^~/", "^[../]", "^[./]"], importOrderParserPlugins: ["typescript", "jsx", "decorators-legacy"], importOrderTypeScriptVersion: "4.4.0" } }.
@acme/nextjs:format: [warn] Ignored unknown option { __esModule: true }.
@acme/nextjs:format: [warn] Ignored unknown option { default: { plugins: ["@ianvs/prettier-plugin-sort-imports", "prettier-plugin-tailwindcss"], tailwindConfig: "/Users/kaszek/Desktop/create-turbo-stack/tooling/tailwind/web.ts", tailwindFunctions: ["cn", "cva"], importOrder: ["<TYPES>", "^(react/(.*)$)|^(react$)|^(react-native(.*)$)", "^(next/(.*)$)|^(next$)", "^(expo(.*)$)|^(expo$)", "<THIRD_PARTY_MODULES>", "", "<TYPES>^@acme", "^@acme/(.*)$", "", "<TYPES>^[.|..|~]", "^~/", "^[../]", "^[./]"], importOrderParserPlugins: ["typescript", "jsx", "decorators-legacy"], importOrderTypeScriptVersion: "4.4.0" } }.
@acme/nextjs:format: [warn] Ignored unknown option { __esModule: true }.
@acme/nextjs:format: [warn] Ignored unknown option { default: { plugins: ["@ianvs/prettier-plugin-sort-imports", "prettier-plugin-tailwindcss"], tailwindConfig: "/Users/kaszek/Desktop/create-turbo-stack/tooling/tailwind/web.ts", tailwindFunctions: ["cn", "cva"], importOrder: ["<TYPES>", "^(react/(.*)$)|^(react$)|^(react-native(.*)$)", "^(next/(.*)$)|^(next$)", "^(expo(.*)$)|^(expo$)", "<THIRD_PARTY_MODULES>", "", "<TYPES>^@acme", "^@acme/(.*)$", "", "<TYPES>^[.|..|~]", "^~/", "^[../]", "^[./]"], importOrderParserPlugins: ["typescript", "jsx", "decorators-legacy"], importOrderTypeScriptVersion: "4.4.0" } }.
@acme/nextjs:format: [warn] Ignored unknown option { __esModule: true }.
@acme/nextjs:format: [warn] Ignored unknown option { default: { plugins: ["@ianvs/prettier-plugin-sort-imports", "prettier-plugin-tailwindcss"], tailwindConfig: "/Users/kaszek/Desktop/create-turbo-stack/tooling/tailwind/web.ts", tailwindFunctions: ["cn", "cva"], importOrder: ["<TYPES>", "^(react/(.*)$)|^(react$)|^(react-native(.*)$)", "^(next/(.*)$)|^(next$)", "^(expo(.*)$)|^(expo$)", "<THIRD_PARTY_MODULES>", "", "<TYPES>^@acme", "^@acme/(.*)$", "", "<TYPES>^[.|..|~]", "^~/", "^[../]", "^[./]"], importOrderParserPlugins: ["typescript", "jsx", "decorators-legacy"], importOrderTypeScriptVersion: "4.4.0" } }.
@acme/nextjs:format: [warn] Ignored unknown option { __esModule: true }.
@acme/nextjs:format: [warn] Ignored unknown option { default: { plugins: ["@ianvs/prettier-plugin-sort-imports", "prettier-plugin-tailwindcss"], tailwindConfig: "/Users/kaszek/Desktop/create-turbo-stack/tooling/tailwind/web.ts", tailwindFunctions: ["cn", "cva"], importOrder: ["<TYPES>", "^(react/(.*)$)|^(react$)|^(react-native(.*)$)", "^(next/(.*)$)|^(next$)", "^(expo(.*)$)|^(expo$)", "<THIRD_PARTY_MODULES>", "", "<TYPES>^@acme", "^@acme/(.*)$", "", "<TYPES>^[.|..|~]", "^~/", "^[../]", "^[./]"], importOrderParserPlugins: ["typescript", "jsx", "decorators-legacy"], importOrderTypeScriptVersion: "4.4.0" } }.
@acme/nextjs:format: [warn] Ignored unknown option { __esModule: true }.
@acme/nextjs:format: [warn] Ignored unknown option { default: { plugins: ["@ianvs/prettier-plugin-sort-imports", "prettier-plugin-tailwindcss"], tailwindConfig: "/Users/kaszek/Desktop/create-turbo-stack/tooling/tailwind/web.ts", tailwindFunctions: ["cn", "cva"], importOrder: ["<TYPES>", "^(react/(.*)$)|^(react$)|^(react-native(.*)$)", "^(next/(.*)$)|^(next$)", "^(expo(.*)$)|^(expo$)", "<THIRD_PARTY_MODULES>", "", "<TYPES>^@acme", "^@acme/(.*)$", "", "<TYPES>^[.|..|~]", "^~/", "^[../]", "^[./]"], importOrderParserPlugins: ["typescript", "jsx", "decorators-legacy"], importOrderTypeScriptVersion: "4.4.0" } }.
@acme/nextjs:format: [warn] Ignored unknown option { __esModule: true }.
@acme/nextjs:format: [warn] Ignored unknown option { default: { plugins: ["@ianvs/prettier-plugin-sort-imports", "prettier-plugin-tailwindcss"], tailwindConfig: "/Users/kaszek/Desktop/create-turbo-stack/tooling/tailwind/web.ts", tailwindFunctions: ["cn", "cva"], importOrder: ["<TYPES>", "^(react/(.*)$)|^(react$)|^(react-native(.*)$)", "^(next/(.*)$)|^(next$)", "^(expo(.*)$)|^(expo$)", "<THIRD_PARTY_MODULES>", "", "<TYPES>^@acme", "^@acme/(.*)$", "", "<TYPES>^[.|..|~]", "^~/", "^[../]", "^[./]"], importOrderParserPlugins: ["typescript", "jsx", "decorators-legacy"], importOrderTypeScriptVersion: "4.4.0" } }.
@acme/nextjs:format: [warn] Ignored unknown option { __esModule: true }.
@acme/nextjs:format: [warn] Ignored unknown option { default: { plugins: ["@ianvs/prettier-plugin-sort-imports", "prettier-plugin-tailwindcss"], tailwindConfig: "/Users/kaszek/Desktop/create-turbo-stack/tooling/tailwind/web.ts", tailwindFunctions: ["cn", "cva"], importOrder: ["<TYPES>", "^(react/(.*)$)|^(react$)|^(react-native(.*)$)", "^(next/(.*)$)|^(next$)", "^(expo(.*)$)|^(expo$)", "<THIRD_PARTY_MODULES>", "", "<TYPES>^@acme", "^@acme/(.*)$", "", "<TYPES>^[.|..|~]", "^~/", "^[../]", "^[./]"], importOrderParserPlugins: ["typescript", "jsx", "decorators-legacy"], importOrderTypeScriptVersion: "4.4.0" } }.
@acme/nextjs:format: [warn] Ignored unknown option { __esModule: true }.
@acme/nextjs:format: [warn] Ignored unknown option { default: { plugins: ["@ianvs/prettier-plugin-sort-imports", "prettier-plugin-tailwindcss"], tailwindConfig: "/Users/kaszek/Desktop/create-turbo-stack/tooling/tailwind/web.ts", tailwindFunctions: ["cn", "cva"], importOrder: ["<TYPES>", "^(react/(.*)$)|^(react$)|^(react-native(.*)$)", "^(next/(.*)$)|^(next$)", "^(expo(.*)$)|^(expo$)", "<THIRD_PARTY_MODULES>", "", "<TYPES>^@acme", "^@acme/(.*)$", "", "<TYPES>^[.|..|~]", "^~/", "^[../]", "^[./]"], importOrderParserPlugins: ["typescript", "jsx", "decorators-legacy"], importOrderTypeScriptVersion: "4.4.0" } }.
@acme/nextjs:format: [warn] Ignored unknown option { __esModule: true }.
@acme/nextjs:format: [warn] Ignored unknown option { default: { plugins: ["@ianvs/prettier-plugin-sort-imports", "prettier-plugin-tailwindcss"], tailwindConfig: "/Users/kaszek/Desktop/create-turbo-stack/tooling/tailwind/web.ts", tailwindFunctions: ["cn", "cva"], importOrder: ["<TYPES>", "^(react/(.*)$)|^(react$)|^(react-native(.*)$)", "^(next/(.*)$)|^(next$)", "^(expo(.*)$)|^(expo$)", "<THIRD_PARTY_MODULES>", "", "<TYPES>^@acme", "^@acme/(.*)$", "", "<TYPES>^[.|..|~]", "^~/", "^[../]", "^[./]"], importOrderParserPlugins: ["typescript", "jsx", "decorators-legacy"], importOrderTypeScriptVersion: "4.4.0" } }.
@acme/nextjs:format: [warn] Ignored unknown option { __esModule: true }.
@acme/nextjs:format: [warn] Ignored unknown option { default: { plugins: ["@ianvs/prettier-plugin-sort-imports", "prettier-plugin-tailwindcss"], tailwindConfig: "/Users/kaszek/Desktop/create-turbo-stack/tooling/tailwind/web.ts", tailwindFunctions: ["cn", "cva"], importOrder: ["<TYPES>", "^(react/(.*)$)|^(react$)|^(react-native(.*)$)", "^(next/(.*)$)|^(next$)", "^(expo(.*)$)|^(expo$)", "<THIRD_PARTY_MODULES>", "", "<TYPES>^@acme", "^@acme/(.*)$", "", "<TYPES>^[.|..|~]", "^~/", "^[../]", "^[./]"], importOrderParserPlugins: ["typescript", "jsx", "decorators-legacy"], importOrderTypeScriptVersion: "4.4.0" } }.
@acme/nextjs:format: [warn] Ignored unknown option { __esModule: true }.
@acme/nextjs:format: [warn] Ignored unknown option { default: { plugins: ["@ianvs/prettier-plugin-sort-imports", "prettier-plugin-tailwindcss"], tailwindConfig: "/Users/kaszek/Desktop/create-turbo-stack/tooling/tailwind/web.ts", tailwindFunctions: ["cn", "cva"], importOrder: ["<TYPES>", "^(react/(.*)$)|^(react$)|^(react-native(.*)$)", "^(next/(.*)$)|^(next$)", "^(expo(.*)$)|^(expo$)", "<THIRD_PARTY_MODULES>", "", "<TYPES>^@acme", "^@acme/(.*)$", "", "<TYPES>^[.|..|~]", "^~/", "^[../]", "^[./]"], importOrderParserPlugins: ["typescript", "jsx", "decorators-legacy"], importOrderTypeScriptVersion: "4.4.0" } }.
@acme/nextjs:format: [warn] Ignored unknown option { __esModule: true }.
@acme/nextjs:format: [warn] Ignored unknown option { default: { plugins: ["@ianvs/prettier-plugin-sort-imports", "prettier-plugin-tailwindcss"], tailwindConfig: "/Users/kaszek/Desktop/create-turbo-stack/tooling/tailwind/web.ts", tailwindFunctions: ["cn", "cva"], importOrder: ["<TYPES>", "^(react/(.*)$)|^(react$)|^(react-native(.*)$)", "^(next/(.*)$)|^(next$)", "^(expo(.*)$)|^(expo$)", "<THIRD_PARTY_MODULES>", "", "<TYPES>^@acme", "^@acme/(.*)$", "", "<TYPES>^[.|..|~]", "^~/", "^[../]", "^[./]"], importOrderParserPlugins: ["typescript", "jsx", "decorators-legacy"], importOrderTypeScriptVersion: "4.4.0" } }.
@acme/nextjs:format: [warn] Ignored unknown option { __esModule: true }.
@acme/nextjs:format: [warn] Ignored unknown option { default: { plugins: ["@ianvs/prettier-plugin-sort-imports", "prettier-plugin-tailwindcss"], tailwindConfig: "/Users/kaszek/Desktop/create-turbo-stack/tooling/tailwind/web.ts", tailwindFunctions: ["cn", "cva"], importOrder: ["<TYPES>", "^(react/(.*)$)|^(react$)|^(react-native(.*)$)", "^(next/(.*)$)|^(next$)", "^(expo(.*)$)|^(expo$)", "<THIRD_PARTY_MODULES>", "", "<TYPES>^@acme", "^@acme/(.*)$", "", "<TYPES>^[.|..|~]", "^~/", "^[../]", "^[./]"], importOrderParserPlugins: ["typescript", "jsx", "decorators-legacy"], importOrderTypeScriptVersion: "4.4.0" } }.
@acme/nextjs:format: [warn] Ignored unknown option { __esModule: true }.
@acme/nextjs:format: [warn] Ignored unknown option { default: { plugins: ["@ianvs/prettier-plugin-sort-imports", "prettier-plugin-tailwindcss"], tailwindConfig: "/Users/kaszek/Desktop/create-turbo-stack/tooling/tailwind/web.ts", tailwindFunctions: ["cn", "cva"], importOrder: ["<TYPES>", "^(react/(.*)$)|^(react$)|^(react-native(.*)$)", "^(next/(.*)$)|^(next$)", "^(expo(.*)$)|^(expo$)", "<THIRD_PARTY_MODULES>", "", "<TYPES>^@acme", "^@acme/(.*)$", "", "<TYPES>^[.|..|~]", "^~/", "^[../]", "^[./]"], importOrderParserPlugins: ["typescript", "jsx", "decorators-legacy"], importOrderTypeScriptVersion: "4.4.0" } }.
@acme/nextjs:format: [warn] Ignored unknown option { __esModule: true }.
@acme/nextjs:format: [warn] Ignored unknown option { default: { plugins: ["@ianvs/prettier-plugin-sort-imports", "prettier-plugin-tailwindcss"], tailwindConfig: "/Users/kaszek/Desktop/create-turbo-stack/tooling/tailwind/web.ts", tailwindFunctions: ["cn", "cva"], importOrder: ["<TYPES>", "^(react/(.*)$)|^(react$)|^(react-native(.*)$)", "^(next/(.*)$)|^(next$)", "^(expo(.*)$)|^(expo$)", "<THIRD_PARTY_MODULES>", "", "<TYPES>^@acme", "^@acme/(.*)$", "", "<TYPES>^[.|..|~]", "^~/", "^[../]", "^[./]"], importOrderParserPlugins: ["typescript", "jsx", "decorators-legacy"], importOrderTypeScriptVersion: "4.4.0" } }.
@acme/nextjs:format: [warn] Ignored unknown option { __esModule: true }.
@acme/nextjs:format: [warn] Ignored unknown option { default: { plugins: ["@ianvs/prettier-plugin-sort-imports", "prettier-plugin-tailwindcss"], tailwindConfig: "/Users/kaszek/Desktop/create-turbo-stack/tooling/tailwind/web.ts", tailwindFunctions: ["cn", "cva"], importOrder: ["<TYPES>", "^(react/(.*)$)|^(react$)|^(react-native(.*)$)", "^(next/(.*)$)|^(next$)", "^(expo(.*)$)|^(expo$)", "<THIRD_PARTY_MODULES>", "", "<TYPES>^@acme", "^@acme/(.*)$", "", "<TYPES>^[.|..|~]", "^~/", "^[../]", "^[./]"], importOrderParserPlugins: ["typescript", "jsx", "decorators-legacy"], importOrderTypeScriptVersion: "4.4.0" } }.
@acme/nextjs:format: [warn] Ignored unknown option { __esModule: true }.
@acme/nextjs:format: [warn] Ignored unknown option { default: { plugins: ["@ianvs/prettier-plugin-sort-imports", "prettier-plugin-tailwindcss"], tailwindConfig: "/Users/kaszek/Desktop/create-turbo-stack/tooling/tailwind/web.ts", tailwindFunctions: ["cn", "cva"], importOrder: ["<TYPES>", "^(react/(.*)$)|^(react$)|^(react-native(.*)$)", "^(next/(.*)$)|^(next$)", "^(expo(.*)$)|^(expo$)", "<THIRD_PARTY_MODULES>", "", "<TYPES>^@acme", "^@acme/(.*)$", "", "<TYPES>^[.|..|~]", "^~/", "^[../]", "^[./]"], importOrderParserPlugins: ["typescript", "jsx", "decorators-legacy"], importOrderTypeScriptVersion: "4.4.0" } }.
@acme/nextjs:format: [warn] Ignored unknown option { __esModule: true }.
@acme/nextjs:format: [warn] Ignored unknown option { default: { plugins: ["@ianvs/prettier-plugin-sort-imports", "prettier-plugin-tailwindcss"], tailwindConfig: "/Users/kaszek/Desktop/create-turbo-stack/tooling/tailwind/web.ts", tailwindFunctions: ["cn", "cva"], importOrder: ["<TYPES>", "^(react/(.*)$)|^(react$)|^(react-native(.*)$)", "^(next/(.*)$)|^(next$)", "^(expo(.*)$)|^(expo$)", "<THIRD_PARTY_MODULES>", "", "<TYPES>^@acme", "^@acme/(.*)$", "", "<TYPES>^[.|..|~]", "^~/", "^[../]", "^[./]"], importOrderParserPlugins: ["typescript", "jsx", "decorators-legacy"], importOrderTypeScriptVersion: "4.4.0" } }.
@acme/nextjs:format: [warn] Ignored unknown option { __esModule: true }.
@acme/nextjs:format: [warn] Ignored unknown option { default: { plugins: ["@ianvs/prettier-plugin-sort-imports", "prettier-plugin-tailwindcss"], tailwindConfig: "/Users/kaszek/Desktop/create-turbo-stack/tooling/tailwind/web.ts", tailwindFunctions: ["cn", "cva"], importOrder: ["<TYPES>", "^(react/(.*)$)|^(react$)|^(react-native(.*)$)", "^(next/(.*)$)|^(next$)", "^(expo(.*)$)|^(expo$)", "<THIRD_PARTY_MODULES>", "", "<TYPES>^@acme", "^@acme/(.*)$", "", "<TYPES>^[.|..|~]", "^~/", "^[../]", "^[./]"], importOrderParserPlugins: ["typescript", "jsx", "decorators-legacy"], importOrderTypeScriptVersion: "4.4.0" } }.
@acme/nextjs:format: [warn] Ignored unknown option { __esModule: true }.
@acme/nextjs:format: [warn] Ignored unknown option { default: { plugins: ["@ianvs/prettier-plugin-sort-imports", "prettier-plugin-tailwindcss"], tailwindConfig: "/Users/kaszek/Desktop/create-turbo-stack/tooling/tailwind/web.ts", tailwindFunctions: ["cn", "cva"], importOrder: ["<TYPES>", "^(react/(.*)$)|^(react$)|^(react-native(.*)$)", "^(next/(.*)$)|^(next$)", "^(expo(.*)$)|^(expo$)", "<THIRD_PARTY_MODULES>", "", "<TYPES>^@acme", "^@acme/(.*)$", "", "<TYPES>^[.|..|~]", "^~/", "^[../]", "^[./]"], importOrderParserPlugins: ["typescript", "jsx", "decorators-legacy"], importOrderTypeScriptVersion: "4.4.0" } }.
@acme/nextjs:format: [warn] Ignored unknown option { __esModule: true }.
@acme/nextjs:format: [warn] Ignored unknown option { default: { plugins: ["@ianvs/prettier-plugin-sort-imports", "prettier-plugin-tailwindcss"], tailwindConfig: "/Users/kaszek/Desktop/create-turbo-stack/tooling/tailwind/web.ts", tailwindFunctions: ["cn", "cva"], importOrder: ["<TYPES>", "^(react/(.*)$)|^(react$)|^(react-native(.*)$)", "^(next/(.*)$)|^(next$)", "^(expo(.*)$)|^(expo$)", "<THIRD_PARTY_MODULES>", "", "<TYPES>^@acme", "^@acme/(.*)$", "", "<TYPES>^[.|..|~]", "^~/", "^[../]", "^[./]"], importOrderParserPlugins: ["typescript", "jsx", "decorators-legacy"], importOrderTypeScriptVersion: "4.4.0" } }.
@acme/nextjs:format: [warn] Ignored unknown option { __esModule: true }.
@acme/nextjs:format: [warn] Ignored unknown option { default: { plugins: ["@ianvs/prettier-plugin-sort-imports", "prettier-plugin-tailwindcss"], tailwindConfig: "/Users/kaszek/Desktop/create-turbo-stack/tooling/tailwind/web.ts", tailwindFunctions: ["cn", "cva"], importOrder: ["<TYPES>", "^(react/(.*)$)|^(react$)|^(react-native(.*)$)", "^(next/(.*)$)|^(next$)", "^(expo(.*)$)|^(expo$)", "<THIRD_PARTY_MODULES>", "", "<TYPES>^@acme", "^@acme/(.*)$", "", "<TYPES>^[.|..|~]", "^~/", "^[../]", "^[./]"], importOrderParserPlugins: ["typescript", "jsx", "decorators-legacy"], importOrderTypeScriptVersion: "4.4.0" } }.
@acme/nextjs:format: [warn] Ignored unknown option { __esModule: true }.
@acme/nextjs:format: [warn] Ignored unknown option { default: { plugins: ["@ianvs/prettier-plugin-sort-imports", "prettier-plugin-tailwindcss"], tailwindConfig: "/Users/kaszek/Desktop/create-turbo-stack/tooling/tailwind/web.ts", tailwindFunctions: ["cn", "cva"], importOrder: ["<TYPES>", "^(react/(.*)$)|^(react$)|^(react-native(.*)$)", "^(next/(.*)$)|^(next$)", "^(expo(.*)$)|^(expo$)", "<THIRD_PARTY_MODULES>", "", "<TYPES>^@acme", "^@acme/(.*)$", "", "<TYPES>^[.|..|~]", "^~/", "^[../]", "^[./]"], importOrderParserPlugins: ["typescript", "jsx", "decorators-legacy"], importOrderTypeScriptVersion: "4.4.0" } }.
@acme/nextjs:format: [warn] Ignored unknown option { __esModule: true }.
@acme/nextjs:format: [warn] Ignored unknown option { default: { plugins: ["@ianvs/prettier-plugin-sort-imports", "prettier-plugin-tailwindcss"], tailwindConfig: "/Users/kaszek/Desktop/create-turbo-stack/tooling/tailwind/web.ts", tailwindFunctions: ["cn", "cva"], importOrder: ["<TYPES>", "^(react/(.*)$)|^(react$)|^(react-native(.*)$)", "^(next/(.*)$)|^(next$)", "^(expo(.*)$)|^(expo$)", "<THIRD_PARTY_MODULES>", "", "<TYPES>^@acme", "^@acme/(.*)$", "", "<TYPES>^[.|..|~]", "^~/", "^[../]", "^[./]"], importOrderParserPlugins: ["typescript", "jsx", "decorators-legacy"], importOrderTypeScriptVersion: "4.4.0" } }.
@acme/nextjs:format: [warn] Code style issues found in 4 files. Run Prettier with --write to fix.
@acme/nextjs:format:  ELIFECYCLE  Command failed with exit code 1.
@acme/nextjs:format: command finished with error, but continuing...
@acme/nextjs#format: command (/Users/kaszek/Desktop/create-turbo-stack/apps/nextjs) /Users/kaszek/.nvm/versions/node/v22.12.0/bin/pnpm run format --cache --cache-location node_modules/.cache/.prettiercache exited (1)

 Tasks:    8 successful, 9 total
Cached:    8 cached, 9 total
  Time:    520ms 
Failed:    @acme/nextjs#format

 ERROR  run failed: command  exited (1)
 ELIFECYCLE  Command failed with exit code 1.
